Archive member included to satisfy reference by file (symbol)

c:/st/stm32cubeide_1.12.0/stm32cubeide/plugins/com.st.stm32cube.ide.mcu.externaltools.gnu-tools-for-stm32.10.3-2021.10.win32_1.0.200.202301161003/tools/bin/../lib/gcc/arm-none-eabi/10.3.1/../../../../arm-none-eabi/lib/thumb/v6-m/nofp\libc_nano.a(lib_a-errno.o)
                              ./Core/Src/syscalls.o (__errno)
c:/st/stm32cubeide_1.12.0/stm32cubeide/plugins/com.st.stm32cube.ide.mcu.externaltools.gnu-tools-for-stm32.10.3-2021.10.win32_1.0.200.202301161003/tools/bin/../lib/gcc/arm-none-eabi/10.3.1/../../../../arm-none-eabi/lib/thumb/v6-m/nofp\libc_nano.a(lib_a-exit.o)
                              c:/st/stm32cubeide_1.12.0/stm32cubeide/plugins/com.st.stm32cube.ide.mcu.externaltools.gnu-tools-for-stm32.10.3-2021.10.win32_1.0.200.202301161003/tools/bin/../lib/gcc/arm-none-eabi/10.3.1/../../../../arm-none-eabi/lib/thumb/v6-m/nofp/crt0.o (exit)
c:/st/stm32cubeide_1.12.0/stm32cubeide/plugins/com.st.stm32cube.ide.mcu.externaltools.gnu-tools-for-stm32.10.3-2021.10.win32_1.0.200.202301161003/tools/bin/../lib/gcc/arm-none-eabi/10.3.1/../../../../arm-none-eabi/lib/thumb/v6-m/nofp\libc_nano.a(lib_a-impure.o)
                              c:/st/stm32cubeide_1.12.0/stm32cubeide/plugins/com.st.stm32cube.ide.mcu.externaltools.gnu-tools-for-stm32.10.3-2021.10.win32_1.0.200.202301161003/tools/bin/../lib/gcc/arm-none-eabi/10.3.1/../../../../arm-none-eabi/lib/thumb/v6-m/nofp\libc_nano.a(lib_a-exit.o) (_global_impure_ptr)
c:/st/stm32cubeide_1.12.0/stm32cubeide/plugins/com.st.stm32cube.ide.mcu.externaltools.gnu-tools-for-stm32.10.3-2021.10.win32_1.0.200.202301161003/tools/bin/../lib/gcc/arm-none-eabi/10.3.1/../../../../arm-none-eabi/lib/thumb/v6-m/nofp\libc_nano.a(lib_a-init.o)
                              c:/st/stm32cubeide_1.12.0/stm32cubeide/plugins/com.st.stm32cube.ide.mcu.externaltools.gnu-tools-for-stm32.10.3-2021.10.win32_1.0.200.202301161003/tools/bin/../lib/gcc/arm-none-eabi/10.3.1/../../../../arm-none-eabi/lib/thumb/v6-m/nofp/crt0.o (__libc_init_array)
c:/st/stm32cubeide_1.12.0/stm32cubeide/plugins/com.st.stm32cube.ide.mcu.externaltools.gnu-tools-for-stm32.10.3-2021.10.win32_1.0.200.202301161003/tools/bin/../lib/gcc/arm-none-eabi/10.3.1/../../../../arm-none-eabi/lib/thumb/v6-m/nofp\libc_nano.a(lib_a-memset.o)
                              c:/st/stm32cubeide_1.12.0/stm32cubeide/plugins/com.st.stm32cube.ide.mcu.externaltools.gnu-tools-for-stm32.10.3-2021.10.win32_1.0.200.202301161003/tools/bin/../lib/gcc/arm-none-eabi/10.3.1/../../../../arm-none-eabi/lib/thumb/v6-m/nofp/crt0.o (memset)
c:/st/stm32cubeide_1.12.0/stm32cubeide/plugins/com.st.stm32cube.ide.mcu.externaltools.gnu-tools-for-stm32.10.3-2021.10.win32_1.0.200.202301161003/tools/bin/../lib/gcc/arm-none-eabi/10.3.1/thumb/v6-m/nofp\libgcc.a(_udivsi3.o)
                              ./Core/Src/system_stm32f0xx.o (__aeabi_uidiv)
c:/st/stm32cubeide_1.12.0/stm32cubeide/plugins/com.st.stm32cube.ide.mcu.externaltools.gnu-tools-for-stm32.10.3-2021.10.win32_1.0.200.202301161003/tools/bin/../lib/gcc/arm-none-eabi/10.3.1/thumb/v6-m/nofp\libgcc.a(_dvmd_tls.o)
                              c:/st/stm32cubeide_1.12.0/stm32cubeide/plugins/com.st.stm32cube.ide.mcu.externaltools.gnu-tools-for-stm32.10.3-2021.10.win32_1.0.200.202301161003/tools/bin/../lib/gcc/arm-none-eabi/10.3.1/thumb/v6-m/nofp\libgcc.a(_udivsi3.o) (__aeabi_idiv0)

Discarded input sections

 .text          0x0000000000000000        0x0 c:/st/stm32cubeide_1.12.0/stm32cubeide/plugins/com.st.stm32cube.ide.mcu.externaltools.gnu-tools-for-stm32.10.3-2021.10.win32_1.0.200.202301161003/tools/bin/../lib/gcc/arm-none-eabi/10.3.1/thumb/v6-m/nofp/crti.o
 .data          0x0000000000000000        0x0 c:/st/stm32cubeide_1.12.0/stm32cubeide/plugins/com.st.stm32cube.ide.mcu.externaltools.gnu-tools-for-stm32.10.3-2021.10.win32_1.0.200.202301161003/tools/bin/../lib/gcc/arm-none-eabi/10.3.1/thumb/v6-m/nofp/crti.o
 .bss           0x0000000000000000        0x0 c:/st/stm32cubeide_1.12.0/stm32cubeide/plugins/com.st.stm32cube.ide.mcu.externaltools.gnu-tools-for-stm32.10.3-2021.10.win32_1.0.200.202301161003/tools/bin/../lib/gcc/arm-none-eabi/10.3.1/thumb/v6-m/nofp/crti.o
 .data          0x0000000000000000        0x4 c:/st/stm32cubeide_1.12.0/stm32cubeide/plugins/com.st.stm32cube.ide.mcu.externaltools.gnu-tools-for-stm32.10.3-2021.10.win32_1.0.200.202301161003/tools/bin/../lib/gcc/arm-none-eabi/10.3.1/thumb/v6-m/nofp/crtbegin.o
 .rodata        0x0000000000000000       0x24 c:/st/stm32cubeide_1.12.0/stm32cubeide/plugins/com.st.stm32cube.ide.mcu.externaltools.gnu-tools-for-stm32.10.3-2021.10.win32_1.0.200.202301161003/tools/bin/../lib/gcc/arm-none-eabi/10.3.1/thumb/v6-m/nofp/crtbegin.o
 .text          0x0000000000000000       0x80 c:/st/stm32cubeide_1.12.0/stm32cubeide/plugins/com.st.stm32cube.ide.mcu.externaltools.gnu-tools-for-stm32.10.3-2021.10.win32_1.0.200.202301161003/tools/bin/../lib/gcc/arm-none-eabi/10.3.1/../../../../arm-none-eabi/lib/thumb/v6-m/nofp/crt0.o
[...]
Memory Configuration

Name             Origin             Length             Attributes
RAM              0x0000000020000000 0x0000000000001800 xrw
FLASH            0x0000000008000000 0x0000000000008000 xr
*default*        0x0000000000000000 0xffffffffffffffff

Linker script and memory map

LOAD c:/st/stm32cubeide_1.12.0/stm32cubeide/plugins/com.st.stm32cube.ide.mcu.externaltools.gnu-tools-for-stm32.10.3-2021.10.win32_1.0.200.202301161003/tools/bin/../lib/gcc/arm-none-eabi/10.3.1/thumb/v6-m/nofp/crti.o
LOAD c:/st/stm32cubeide_1.12.0/stm32cubeide/plugins/com.st.stm32cube.ide.mcu.externaltools.gnu-tools-for-stm32.10.3-2021.10.win32_1.0.200.202301161003/tools/bin/../lib/gcc/arm-none-eabi/10.3.1/thumb/v6-m/nofp/crtbegin.o
LOAD c:/st/stm32cubeide_1.12.0/stm32cubeide/plugins/com.st.stm32cube.ide.mcu.externaltools.gnu-tools-for-stm32.10.3-2021.10.win32_1.0.200.202301161003/tools/bin/../lib/gcc/arm-none-eabi/10.3.1/../../../../arm-none-eabi/lib/thumb/v6-m/nofp/crt0.o
LOAD ./Core/Src/aes.o
LOAD ./Core/Src/des.o
LOAD ./Core/Src/main.o
LOAD ./Core/Src/stm32f0xx_hal_msp.o
LOAD ./Core/Src/stm32f0xx_it.o
LOAD ./Core/Src/syscalls.o
LOAD ./Core/Src/sysmem.o
LOAD ./Core/Src/system_stm32f0xx.o
LOAD ./Core/Src/xor.o
LOAD ./Core/Startup/startup_stm32f042k6tx.o
LOAD ./Drivers/STM32F0xx_HAL_Driver/Src/stm32f0xx_hal.o
LOAD ./Drivers/STM32F0xx_HAL_Driver/Src/stm32f0xx_hal_cortex.o
LOAD ./Drivers/STM32F0xx_HAL_Driver/Src/stm32f0xx_hal_dma.o
LOAD ./Drivers/STM32F0xx_HAL_Driver/Src/stm32f0xx_hal_exti.o
LOAD ./Drivers/STM32F0xx_HAL_Driver/Src/stm32f0xx_hal_flash.o
LOAD ./Drivers/STM32F0xx_HAL_Driver/Src/stm32f0xx_hal_flash_ex.o
LOAD ./Drivers/STM32F0xx_HAL_Driver/Src/stm32f0xx_hal_gpio.o
LOAD ./Drivers/STM32F0xx_HAL_Driver/Src/stm32f0xx_hal_i2c.o
LOAD ./Drivers/STM32F0xx_HAL_Driver/Src/stm32f0xx_hal_i2c_ex.o
LOAD ./Drivers/STM32F0xx_HAL_Driver/Src/stm32f0xx_hal_pwr.o
LOAD ./Drivers/STM32F0xx_HAL_Driver/Src/stm32f0xx_hal_pwr_ex.o
LOAD ./Drivers/STM32F0xx_HAL_Driver/Src/stm32f0xx_hal_rcc.o
LOAD ./Drivers/STM32F0xx_HAL_Driver/Src/stm32f0xx_hal_rcc_ex.o
LOAD ./Drivers/STM32F0xx_HAL_Driver/Src/stm32f0xx_hal_tim.o
LOAD ./Drivers/STM32F0xx_HAL_Driver/Src/stm32f0xx_hal_tim_ex.o
LOAD ./Drivers/STM32F0xx_HAL_Driver/Src/stm32f0xx_hal_uart.o
LOAD ./Drivers/STM32F0xx_HAL_Driver/Src/stm32f0xx_hal_uart_ex.o
START GROUP
LOAD c:/st/stm32cubeide_1.12.0/stm32cubeide/plugins/com.st.stm32cube.ide.mcu.externaltools.gnu-tools-for-stm32.10.3-2021.10.win32_1.0.200.202301161003/tools/bin/../lib/gcc/arm-none-eabi/10.3.1/../../../../arm-none-eabi/lib/thumb/v6-m/nofp\libc_nano.a
LOAD c:/st/stm32cubeide_1.12.0/stm32cubeide/plugins/com.st.stm32cube.ide.mcu.externaltools.gnu-tools-for-stm32.10.3-2021.10.win32_1.0.200.202301161003/tools/bin/../lib/gcc/arm-none-eabi/10.3.1/../../../../arm-none-eabi/lib/thumb/v6-m/nofp\libm.a
END GROUP
START GROUP
LOAD c:/st/stm32cubeide_1.12.0/stm32cubeide/plugins/com.st.stm32cube.ide.mcu.externaltools.gnu-tools-for-stm32.10.3-2021.10.win32_1.0.200.202301161003/tools/bin/../lib/gcc/arm-none-eabi/10.3.1/thumb/v6-m/nofp\libgcc.a
LOAD c:/st/stm32cubeide_1.12.0/stm32cubeide/plugins/com.st.stm32cube.ide.mcu.externaltools.gnu-tools-for-stm32.10.3-2021.10.win32_1.0.200.202301161003/tools/bin/../lib/gcc/arm-none-eabi/10.3.1/../../../../arm-none-eabi/lib/thumb/v6-m/nofp\libc_nano.a
END GROUP
START GROUP
LOAD c:/st/stm32cubeide_1.12.0/stm32cubeide/plugins/com.st.stm32cube.ide.mcu.externaltools.gnu-tools-for-stm32.10.3-2021.10.win32_1.0.200.202301161003/tools/bin/../lib/gcc/arm-none-eabi/10.3.1/thumb/v6-m/nofp\libgcc.a
LOAD c:/st/stm32cubeide_1.12.0/stm32cubeide/plugins/com.st.stm32cube.ide.mcu.externaltools.gnu-tools-for-stm32.10.3-2021.10.win32_1.0.200.202301161003/tools/bin/../lib/gcc/arm-none-eabi/10.3.1/../../../../arm-none-eabi/lib/thumb/v6-m/nofp\libc_nano.a
LOAD c:/st/stm32cubeide_1.12.0/stm32cubeide/plugins/com.st.stm32cube.ide.mcu.externaltools.gnu-tools-for-stm32.10.3-2021.10.win32_1.0.200.202301161003/tools/bin/../lib/gcc/arm-none-eabi/10.3.1/../../../../arm-none-eabi/lib/thumb/v6-m/nofp\libnosys.a
END GROUP
START GROUP
LOAD c:/st/stm32cubeide_1.12.0/stm32cubeide/plugins/com.st.stm32cube.ide.mcu.externaltools.gnu-tools-for-stm32.10.3-2021.10.win32_1.0.200.202301161003/tools/bin/../lib/gcc/arm-none-eabi/10.3.1/thumb/v6-m/nofp\libgcc.a
LOAD c:/st/stm32cubeide_1.12.0/stm32cubeide/plugins/com.st.stm32cube.ide.mcu.externaltools.gnu-tools-for-stm32.10.3-2021.10.win32_1.0.200.202301161003/tools/bin/../lib/gcc/arm-none-eabi/10.3.1/../../../../arm-none-eabi/lib/thumb/v6-m/nofp\libc_nano.a
LOAD c:/st/stm32cubeide_1.12.0/stm32cubeide/plugins/com.st.stm32cube.ide.mcu.externaltools.gnu-tools-for-stm32.10.3-2021.10.win32_1.0.200.202301161003/tools/bin/../lib/gcc/arm-none-eabi/10.3.1/../../../../arm-none-eabi/lib/thumb/v6-m/nofp\libnosys.a
END GROUP
LOAD c:/st/stm32cubeide_1.12.0/stm32cubeide/plugins/com.st.stm32cube.ide.mcu.externaltools.gnu-tools-for-stm32.10.3-2021.10.win32_1.0.200.202301161003/tools/bin/../lib/gcc/arm-none-eabi/10.3.1/thumb/v6-m/nofp/crtend.o
LOAD c:/st/stm32cubeide_1.12.0/stm32cubeide/plugins/com.st.stm32cube.ide.mcu.externaltools.gnu-tools-for-stm32.10.3-2021.10.win32_1.0.200.202301161003/tools/bin/../lib/gcc/arm-none-eabi/10.3.1/thumb/v6-m/nofp/crtn.o
                0x0000000020001800                _estack = (ORIGIN (RAM) + LENGTH (RAM))
                0x0000000000000200                _Min_Heap_Size = 0x200
                0x0000000000000400                _Min_Stack_Size = 0x400

.isr_vector     0x0000000008000000       0xc0
                0x0000000008000000                . = ALIGN (0x4)
 *(.isr_vector)
 .isr_vector    0x0000000008000000       0xc0 ./Core/Startup/startup_stm32f042k6tx.o
                0x0000000008000000                g_pfnVectors
                0x00000000080000c0                . = ALIGN (0x4)

.text           0x00000000080000c0     0x4290
                0x00000000080000c0                . = ALIGN (0x4)
 *(.text)
 .text          0x00000000080000c0       0x48 c:/st/stm32cubeide_1.12.0/stm32cubeide/plugins/com.st.stm32cube.ide.mcu.externaltools.gnu-tools-for-stm32.10.3-2021.10.win32_1.0.200.202301161003/tools/bin/../lib/gcc/arm-none-eabi/10.3.1/thumb/v6-m/nofp/crtbegin.o
 .text          0x0000000008000108      0x114 c:/st/stm32cubeide_1.12.0/stm32cubeide/plugins/com.st.stm32cube.ide.mcu.externaltools.gnu-tools-for-stm32.10.3-2021.10.win32_1.0.200.202301161003/tools/bin/../lib/gcc/arm-none-eabi/10.3.1/thumb/v6-m/nofp\libgcc.a(_udivsi3.o)
                0x0000000008000108                __aeabi_uidiv
                0x0000000008000108                __udivsi3
                0x0000000008000214                __aeabi_uidivmod
 .text          0x000000000800021c        0x4 c:/st/stm32cubeide_1.12.0/stm32cubeide/plugins/com.st.stm32cube.ide.mcu.externaltools.gnu-tools-for-stm32.10.3-2021.10.win32_1.0.200.202301161003/tools/bin/../lib/gcc/arm-none-eabi/10.3.1/thumb/v6-m/nofp\libgcc.a(_dvmd_tls.o)
                0x000000000800021c                __aeabi_idiv0
                0x000000000800021c                __aeabi_ldiv0
 *(.text*)
 .text.mul2     0x0000000008000220       0x38 ./Core/Src/aes.o
 .text.inv_shift_rows
                0x0000000008000258       0xaa ./Core/Src/aes.o
 *fill*         0x0000000008000302        0x2 
 .text.aes_key_schedule_128
                0x0000000008000304      0x288 ./Core/Src/aes.o
                0x0000000008000304                aes_key_schedule_128
 .text.aes_decrypt_128
                0x000000000800058c      0x434 ./Core/Src/aes.o
                0x000000000800058c                aes_decrypt_128
 .text.des_decrypt
                0x00000000080009c0     0x15f4 ./Core/Src/des.o
                0x00000000080009c0                des_decrypt
 .text.main     0x0000000008001fb4      0x6a0 ./Core/Src/main.o
                0x0000000008001fb4                main
 .text.SystemClock_Config
                0x0000000008002654       0x80 ./Core/Src/main.o
                0x0000000008002654                SystemClock_Config
 .text.MX_USART2_UART_Init
                0x00000000080026d4       0x60 ./Core/Src/main.o
 .text.MX_GPIO_Init
                0x0000000008002734       0x4c ./Core/Src/main.o
 .text.Error_Handler
                0x0000000008002780        0xa ./Core/Src/main.o
                0x0000000008002780                Error_Handler
 *fill*         0x000000000800278a        0x2 
 .text.HAL_MspInit
                0x000000000800278c       0x48 ./Core/Src/stm32f0xx_hal_msp.o
                0x000000000800278c                HAL_MspInit
 .text.HAL_UART_MspInit
                0x00000000080027d4       0x9c ./Core/Src/stm32f0xx_hal_msp.o
                0x00000000080027d4                HAL_UART_MspInit
 .text.NMI_Handler
                0x0000000008002870        0x6 ./Core/Src/stm32f0xx_it.o
                0x0000000008002870                NMI_Handler
 .text.HardFault_Handler
                0x0000000008002876        0x6 ./Core/Src/stm32f0xx_it.o
                0x0000000008002876                HardFault_Handler
 .text.SVC_Handler
                0x000000000800287c        0xa ./Core/Src/stm32f0xx_it.o
                0x000000000800287c                SVC_Handler
 .text.PendSV_Handler
                0x0000000008002886        0xa ./Core/Src/stm32f0xx_it.o
                0x0000000008002886                PendSV_Handler
 .text.SysTick_Handler
                0x0000000008002890        0xe ./Core/Src/stm32f0xx_it.o
                0x0000000008002890                SysTick_Handler
 .text.SystemInit
                0x000000000800289e        0xa ./Core/Src/system_stm32f0xx.o
                0x000000000800289e                SystemInit
 .text.do_xor   0x00000000080028a8       0x44 ./Core/Src/xor.o
                0x00000000080028a8                do_xor
 .text.Reset_Handler
                0x00000000080028ec       0x80 ./Core/Startup/startup_stm32f042k6tx.o
                0x00000000080028ec                Reset_Handler
 .text.Default_Handler
                0x000000000800296c        0x2 ./Core/Startup/startup_stm32f042k6tx.o
                0x000000000800296c                TIM1_CC_IRQHandler
                0x000000000800296c                TSC_IRQHandler
                0x000000000800296c                I2C1_IRQHandler
                0x000000000800296c                RCC_CRS_IRQHandler
                0x000000000800296c                SPI1_IRQHandler
                0x000000000800296c                EXTI2_3_IRQHandler
                0x000000000800296c                ADC1_IRQHandler
                0x000000000800296c                TIM17_IRQHandler
                0x000000000800296c                CEC_CAN_IRQHandler
                0x000000000800296c                RTC_IRQHandler
                0x000000000800296c                PVD_VDDIO2_IRQHandler
                0x000000000800296c                TIM16_IRQHandler
                0x000000000800296c                TIM3_IRQHandler
                0x000000000800296c                EXTI4_15_IRQHandler
                0x000000000800296c                DMA1_Channel1_IRQHandler
                0x000000000800296c                Default_Handler
                0x000000000800296c                TIM14_IRQHandler
                0x000000000800296c                DMA1_Channel4_5_IRQHandler
                0x000000000800296c                EXTI0_1_IRQHandler
                0x000000000800296c                USB_IRQHandler
                0x000000000800296c                SPI2_IRQHandler
                0x000000000800296c                WWDG_IRQHandler
                0x000000000800296c                TIM2_IRQHandler
                0x000000000800296c                DMA1_Channel2_3_IRQHandler
                0x000000000800296c                USART2_IRQHandler
                0x000000000800296c                FLASH_IRQHandler
                0x000000000800296c                USART1_IRQHandler
                0x000000000800296c                TIM1_BRK_UP_TRG_COM_IRQHandler
 *fill*         0x000000000800296e        0x2 
 .text.HAL_Init
                0x0000000008002970       0x28 ./Drivers/STM32F0xx_HAL_Driver/Src/stm32f0xx_hal.o
                0x0000000008002970                HAL_Init
 .text.HAL_InitTick
                0x0000000008002998       0x68 ./Drivers/STM32F0xx_HAL_Driver/Src/stm32f0xx_hal.o
                0x0000000008002998                HAL_InitTick
 .text.HAL_IncTick
                0x0000000008002a00       0x24 ./Drivers/STM32F0xx_HAL_Driver/Src/stm32f0xx_hal.o
                0x0000000008002a00                HAL_IncTick
 .text.HAL_GetTick
                0x0000000008002a24       0x14 ./Drivers/STM32F0xx_HAL_Driver/Src/stm32f0xx_hal.o
                0x0000000008002a24                HAL_GetTick
 .text.__NVIC_SetPriority
                0x0000000008002a38       0xdc ./Drivers/STM32F0xx_HAL_Driver/Src/stm32f0xx_hal_cortex.o
 .text.SysTick_Config
                0x0000000008002b14       0x48 ./Drivers/STM32F0xx_HAL_Driver/Src/stm32f0xx_hal_cortex.o
 .text.HAL_NVIC_SetPriority
                0x0000000008002b5c       0x2a ./Drivers/STM32F0xx_HAL_Driver/Src/stm32f0xx_hal_cortex.o
                0x0000000008002b5c                HAL_NVIC_SetPriority
 .text.HAL_SYSTICK_Config
                0x0000000008002b86       0x1a ./Drivers/STM32F0xx_HAL_Driver/Src/stm32f0xx_hal_cortex.o
                0x0000000008002b86                HAL_SYSTICK_Config
 .text.HAL_GPIO_Init
                0x0000000008002ba0      0x2d0 ./Drivers/STM32F0xx_HAL_Driver/Src/stm32f0xx_hal_gpio.o
                0x0000000008002ba0                HAL_GPIO_Init
 .text.HAL_RCC_OscConfig
                0x0000000008002e70      0x70c ./Drivers/STM32F0xx_HAL_Driver/Src/stm32f0xx_hal_rcc.o
                0x0000000008002e70                HAL_RCC_OscConfig
 .text.HAL_RCC_ClockConfig
                0x000000000800357c      0x1b4 ./Drivers/STM32F0xx_HAL_Driver/Src/stm32f0xx_hal_rcc.o
                0x000000000800357c                HAL_RCC_ClockConfig
 .text.HAL_RCC_GetSysClockFreq
                0x0000000008003730       0xe4 ./Drivers/STM32F0xx_HAL_Driver/Src/stm32f0xx_hal_rcc.o
                0x0000000008003730                HAL_RCC_GetSysClockFreq
 .text.HAL_RCC_GetHCLKFreq
                0x0000000008003814       0x14 ./Drivers/STM32F0xx_HAL_Driver/Src/stm32f0xx_hal_rcc.o
                0x0000000008003814                HAL_RCC_GetHCLKFreq
 .text.HAL_RCC_GetPCLK1Freq
                0x0000000008003828       0x2c ./Drivers/STM32F0xx_HAL_Driver/Src/stm32f0xx_hal_rcc.o
                0x0000000008003828                HAL_RCC_GetPCLK1Freq
 .text.HAL_UART_Init
                0x0000000008003854       0xa8 ./Drivers/STM32F0xx_HAL_Driver/Src/stm32f0xx_hal_uart.o
                0x0000000008003854                HAL_UART_Init
 .text.HAL_UART_Transmit
                0x00000000080038fc      0x140 ./Drivers/STM32F0xx_HAL_Driver/Src/stm32f0xx_hal_uart.o
                0x00000000080038fc                HAL_UART_Transmit
 .text.HAL_UART_Receive
                0x0000000008003a3c      0x1d0 ./Drivers/STM32F0xx_HAL_Driver/Src/stm32f0xx_hal_uart.o
                0x0000000008003a3c                HAL_UART_Receive
 .text.UART_SetConfig
                0x0000000008003c0c      0x280 ./Drivers/STM32F0xx_HAL_Driver/Src/stm32f0xx_hal_uart.o
                0x0000000008003c0c                UART_SetConfig
 .text.UART_AdvFeatureConfig
                0x0000000008003e8c      0x168 ./Drivers/STM32F0xx_HAL_Driver/Src/stm32f0xx_hal_uart.o
                0x0000000008003e8c                UART_AdvFeatureConfig
 .text.UART_CheckIdleState
                0x0000000008003ff4      0x150 ./Drivers/STM32F0xx_HAL_Driver/Src/stm32f0xx_hal_uart.o
                0x0000000008003ff4                UART_CheckIdleState
 .text.UART_WaitOnFlagUntilTimeout
                0x0000000008004144       0xd2 ./Drivers/STM32F0xx_HAL_Driver/Src/stm32f0xx_hal_uart.o
                0x0000000008004144                UART_WaitOnFlagUntilTimeout
 *fill*         0x0000000008004216        0x2 
 .text.UART_EndRxTransfer
                0x0000000008004218       0xc8 ./Drivers/STM32F0xx_HAL_Driver/Src/stm32f0xx_hal_uart.o
 .text.__libc_init_array
                0x00000000080042e0       0x48 c:/st/stm32cubeide_1.12.0/stm32cubeide/plugins/com.st.stm32cube.ide.mcu.externaltools.gnu-tools-for-stm32.10.3-2021.10.win32_1.0.200.202301161003/tools/bin/../lib/gcc/arm-none-eabi/10.3.1/../../../../arm-none-eabi/lib/thumb/v6-m/nofp\libc_nano.a(lib_a-init.o)
                0x00000000080042e0                __libc_init_array
 .text.memset   0x0000000008004328       0x10 c:/st/stm32cubeide_1.12.0/stm32cubeide/plugins/com.st.stm32cube.ide.mcu.externaltools.gnu-tools-for-stm32.10.3-2021.10.win32_1.0.200.202301161003/tools/bin/../lib/gcc/arm-none-eabi/10.3.1/../../../../arm-none-eabi/lib/thumb/v6-m/nofp\libc_nano.a(lib_a-memset.o)
                0x0000000008004328                memset
 *(.glue_7)
 .glue_7        0x0000000008004338        0x0 linker stubs
 *(.glue_7t)
 .glue_7t       0x0000000008004338        0x0 linker stubs
 *(.eh_frame)
 .eh_frame      0x0000000008004338        0x0 c:/st/stm32cubeide_1.12.0/stm32cubeide/plugins/com.st.stm32cube.ide.mcu.externaltools.gnu-tools-for-stm32.10.3-2021.10.win32_1.0.200.202301161003/tools/bin/../lib/gcc/arm-none-eabi/10.3.1/thumb/v6-m/nofp/crtbegin.o
 *(.init)
 .init          0x0000000008004338        0x4 c:/st/stm32cubeide_1.12.0/stm32cubeide/plugins/com.st.stm32cube.ide.mcu.externaltools.gnu-tools-for-stm32.10.3-2021.10.win32_1.0.200.202301161003/tools/bin/../lib/gcc/arm-none-eabi/10.3.1/thumb/v6-m/nofp/crti.o
                0x0000000008004338                _init
 .init          0x000000000800433c        0x8 c:/st/stm32cubeide_1.12.0/stm32cubeide/plugins/com.st.stm32cube.ide.mcu.externaltools.gnu-tools-for-stm32.10.3-2021.10.win32_1.0.200.202301161003/tools/bin/../lib/gcc/arm-none-eabi/10.3.1/thumb/v6-m/nofp/crtn.o
 *(.fini)
 .fini          0x0000000008004344        0x4 c:/st/stm32cubeide_1.12.0/stm32cubeide/plugins/com.st.stm32cube.ide.mcu.externaltools.gnu-tools-for-stm32.10.3-2021.10.win32_1.0.200.202301161003/tools/bin/../lib/gcc/arm-none-eabi/10.3.1/thumb/v6-m/nofp/crti.o
                0x0000000008004344                _fini
 .fini          0x0000000008004348        0x8 c:/st/stm32cubeide_1.12.0/stm32cubeide/plugins/com.st.stm32cube.ide.mcu.externaltools.gnu-tools-for-stm32.10.3-2021.10.win32_1.0.200.202301161003/tools/bin/../lib/gcc/arm-none-eabi/10.3.1/thumb/v6-m/nofp/crtn.o
                0x0000000008004350                . = ALIGN (0x4)
                0x0000000008004350                _etext = .

.vfp11_veneer   0x0000000008004350        0x0
 .vfp11_veneer  0x0000000008004350        0x0 linker stubs

.v4_bx          0x0000000008004350        0x0
 .v4_bx         0x0000000008004350        0x0 linker stubs

.iplt           0x0000000008004350        0x0
 .iplt          0x0000000008004350        0x0 c:/st/stm32cubeide_1.12.0/stm32cubeide/plugins/com.st.stm32cube.ide.mcu.externaltools.gnu-tools-for-stm32.10.3-2021.10.win32_1.0.200.202301161003/tools/bin/../lib/gcc/arm-none-eabi/10.3.1/thumb/v6-m/nofp/crtbegin.o

.rodata         0x0000000008004350       0x7c
                0x0000000008004350                . = ALIGN (0x4)
 *(.rodata)
 .rodata        0x0000000008004350       0x44 ./Core/Src/main.o
 *(.rodata*)
 .rodata.AHBPrescTable
                0x0000000008004394       0x10 ./Core/Src/system_stm32f0xx.o
                0x0000000008004394                AHBPrescTable
 .rodata.APBPrescTable
                0x00000000080043a4        0x8 ./Core/Src/system_stm32f0xx.o
                0x00000000080043a4                APBPrescTable
 .rodata.aPLLMULFactorTable.1
                0x00000000080043ac       0x10 ./Drivers/STM32F0xx_HAL_Driver/Src/stm32f0xx_hal_rcc.o
 .rodata.aPredivFactorTable.0
                0x00000000080043bc       0x10 ./Drivers/STM32F0xx_HAL_Driver/Src/stm32f0xx_hal_rcc.o
                0x00000000080043cc                . = ALIGN (0x4)

.rel.dyn        0x00000000080043cc        0x0
 .rel.iplt      0x00000000080043cc        0x0 c:/st/stm32cubeide_1.12.0/stm32cubeide/plugins/com.st.stm32cube.ide.mcu.externaltools.gnu-tools-for-stm32.10.3-2021.10.win32_1.0.200.202301161003/tools/bin/../lib/gcc/arm-none-eabi/10.3.1/thumb/v6-m/nofp/crtbegin.o

.ARM.extab      0x00000000080043cc        0x0
                0x00000000080043cc                . = ALIGN (0x4)
 *(.ARM.extab* .gnu.linkonce.armextab.*)
                0x00000000080043cc                . = ALIGN (0x4)

.ARM            0x00000000080043cc        0x0
                0x00000000080043cc                . = ALIGN (0x4)
                0x00000000080043cc                __exidx_start = .
 *(.ARM.exidx*)
                0x00000000080043cc                __exidx_end = .
                0x00000000080043cc                . = ALIGN (0x4)

.preinit_array  0x00000000080043cc        0x0
                0x00000000080043cc                . = ALIGN (0x4)
                0x00000000080043cc                PROVIDE (__preinit_array_start = .)
 *(.preinit_array*)
                0x00000000080043cc                PROVIDE (__preinit_array_end = .)
                0x00000000080043cc                . = ALIGN (0x4)

.init_array     0x00000000080043cc        0x4
                0x00000000080043cc                . = ALIGN (0x4)
                0x00000000080043cc                PROVIDE (__init_array_start = .)
 *(SORT_BY_NAME(.init_array.*))
 *(.init_array*)
 .init_array    0x00000000080043cc        0x4 c:/st/stm32cubeide_1.12.0/stm32cubeide/plugins/com.st.stm32cube.ide.mcu.externaltools.gnu-tools-for-stm32.10.3-2021.10.win32_1.0.200.202301161003/tools/bin/../lib/gcc/arm-none-eabi/10.3.1/thumb/v6-m/nofp/crtbegin.o
                0x00000000080043d0                PROVIDE (__init_array_end = .)
                0x00000000080043d0                . = ALIGN (0x4)

.fini_array     0x00000000080043d0        0x4
                0x00000000080043d0                . = ALIGN (0x4)
                [!provide]                        PROVIDE (__fini_array_start = .)
 *(SORT_BY_NAME(.fini_array.*))
 *(.fini_array*)
 .fini_array    0x00000000080043d0        0x4 c:/st/stm32cubeide_1.12.0/stm32cubeide/plugins/com.st.stm32cube.ide.mcu.externaltools.gnu-tools-for-stm32.10.3-2021.10.win32_1.0.200.202301161003/tools/bin/../lib/gcc/arm-none-eabi/10.3.1/thumb/v6-m/nofp/crtbegin.o
                [!provide]                        PROVIDE (__fini_array_end = .)
                0x00000000080043d4                . = ALIGN (0x4)
                0x00000000080043d4                _sidata = LOADADDR (.data)

.data           0x0000000020000000      0x560 load address 0x00000000080043d4
                0x0000000020000000                . = ALIGN (0x4)
                0x0000000020000000                _sdata = .
 *(.data)
 *(.data*)
 .data.RC       0x0000000020000000        0xa ./Core/Src/aes.o
 *fill*         0x000000002000000a        0x2 
 .data.SBOX     0x000000002000000c      0x100 ./Core/Src/aes.o
 .data.INV_SBOX
                0x000000002000010c      0x100 ./Core/Src/aes.o
 .data.IP       0x000000002000020c       0x40 ./Core/Src/des.o
 .data.PI       0x000000002000024c       0x40 ./Core/Src/des.o
 .data.E        0x000000002000028c       0x30 ./Core/Src/des.o
 .data.P        0x00000000200002bc       0x20 ./Core/Src/des.o
 .data.S        0x00000000200002dc      0x200 ./Core/Src/des.o
 .data.PC1      0x00000000200004dc       0x38 ./Core/Src/des.o
 .data.PC2      0x0000000020000514       0x30 ./Core/Src/des.o
 .data.iteration_shift
                0x0000000020000544       0x10 ./Core/Src/des.o
 .data.SystemCoreClock
                0x0000000020000554        0x4 ./Core/Src/system_stm32f0xx.o
                0x0000000020000554                SystemCoreClock
 .data.uwTickPrio
                0x0000000020000558        0x4 ./Drivers/STM32F0xx_HAL_Driver/Src/stm32f0xx_hal.o
                0x0000000020000558                uwTickPrio
 .data.uwTickFreq
                0x000000002000055c        0x1 ./Drivers/STM32F0xx_HAL_Driver/Src/stm32f0xx_hal.o
                0x000000002000055c                uwTickFreq
 *(.RamFunc)
 *(.RamFunc*)
                0x0000000020000560                . = ALIGN (0x4)
 *fill*         0x000000002000055d        0x3 
                0x0000000020000560                _edata = .

.igot.plt       0x0000000020000560        0x0 load address 0x0000000008004934
 .igot.plt      0x0000000020000560        0x0 c:/st/stm32cubeide_1.12.0/stm32cubeide/plugins/com.st.stm32cube.ide.mcu.externaltools.gnu-tools-for-stm32.10.3-2021.10.win32_1.0.200.202301161003/tools/bin/../lib/gcc/arm-none-eabi/10.3.1/thumb/v6-m/nofp/crtbegin.o
                0x0000000020000560                . = ALIGN (0x4)

.bss            0x0000000020000560       0xa8 load address 0x0000000008004934
                0x0000000020000560                _sbss = .
                0x0000000020000560                __bss_start__ = _sbss
 *(.bss)
 .bss           0x0000000020000560       0x1c c:/st/stm32cubeide_1.12.0/stm32cubeide/plugins/com.st.stm32cube.ide.mcu.externaltools.gnu-tools-for-stm32.10.3-2021.10.win32_1.0.200.202301161003/tools/bin/../lib/gcc/arm-none-eabi/10.3.1/thumb/v6-m/nofp/crtbegin.o
 *(.bss*)
 .bss.huart2    0x000000002000057c       0x88 ./Core/Src/main.o
                0x000000002000057c                huart2
 .bss.uwTick    0x0000000020000604        0x4 ./Drivers/STM32F0xx_HAL_Driver/Src/stm32f0xx_hal.o
                0x0000000020000604                uwTick
 *(COMMON)
                0x0000000020000608                . = ALIGN (0x4)
                0x0000000020000608                _ebss = .
                0x0000000020000608                __bss_end__ = _ebss

._user_heap_stack
                0x0000000020000608      0x600 load address 0x0000000008004934
                0x0000000020000608                . = ALIGN (0x8)
                [!provide]                        PROVIDE (end = .)
                0x0000000020000608                PROVIDE (_end = .)
                0x0000000020000808                . = (. + _Min_Heap_Size)
 *fill*         0x0000000020000608      0x200 
                0x0000000020000c08                . = (. + _Min_Stack_Size)
 *fill*         0x0000000020000808      0x400 
                0x0000000020000c08                . = ALIGN (0x8)

/DISCARD/
 libc.a(*)
 libm.a(*)
 libgcc.a(*)

.ARM.attributes
                0x0000000000000000       0x28
 *(.ARM.attributes)
 .ARM.attributes
                0x0000000000000000       0x1e c:/st/stm32cubeide_1.12.0/stm32cubeide/plugins/com.st.stm32cube.ide.mcu.externaltools.gnu-tools-for-stm32.10.3-2021.10.win32_1.0.200.202301161003/tools/bin/../lib/gcc/arm-none-eabi/10.3.1/thumb/v6-m/nofp/crti.o
 .ARM.attributes
                0x000000000000001e       0x2c c:/st/stm32cubeide_1.12.0/stm32cubeide/plugins/com.st.stm32cube.ide.mcu.externaltools.gnu-tools-for-stm32.10.3-2021.10.win32_1.0.200.202301161003/tools/bin/../lib/gcc/arm-none-eabi/10.3.1/thumb/v6-m/nofp/crtbegin.o
 .ARM.attributes
                0x000000000000004a       0x2c ./Core/Src/aes.o
 .ARM.attributes
                0x0000000000000076       0x2c ./Core/Src/des.o
 .ARM.attributes
                0x00000000000000a2       0x2c ./Core/Src/main.o
 .ARM.attributes
                0x00000000000000ce       0x2c ./Core/Src/stm32f0xx_hal_msp.o
 .ARM.attributes
                0x00000000000000fa       0x2c ./Core/Src/stm32f0xx_it.o
 .ARM.attributes
                0x0000000000000126       0x2c ./Core/Src/system_stm32f0xx.o
 .ARM.attributes
                0x0000000000000152       0x2c ./Core/Src/xor.o
 .ARM.attributes
                0x000000000000017e       0x21 ./Core/Startup/startup_stm32f042k6tx.o
 .ARM.attributes
                0x000000000000019f       0x2c ./Drivers/STM32F0xx_HAL_Driver/Src/stm32f0xx_hal.o
 .ARM.attributes
                0x00000000000001cb       0x2c ./Drivers/STM32F0xx_HAL_Driver/Src/stm32f0xx_hal_cortex.o
 .ARM.attributes
                0x00000000000001f7       0x2c ./Drivers/STM32F0xx_HAL_Driver/Src/stm32f0xx_hal_gpio.o
 .ARM.attributes
                0x0000000000000223       0x2c ./Drivers/STM32F0xx_HAL_Driver/Src/stm32f0xx_hal_rcc.o
 .ARM.attributes
                0x000000000000024f       0x2c ./Drivers/STM32F0xx_HAL_Driver/Src/stm32f0xx_hal_uart.o
 .ARM.attributes
                0x000000000000027b       0x2c c:/st/stm32cubeide_1.12.0/stm32cubeide/plugins/com.st.stm32cube.ide.mcu.externaltools.gnu-tools-for-stm32.10.3-2021.10.win32_1.0.200.202301161003/tools/bin/../lib/gcc/arm-none-eabi/10.3.1/../../../../arm-none-eabi/lib/thumb/v6-m/nofp\libc_nano.a(lib_a-init.o)
 .ARM.attributes
                0x00000000000002a7       0x2c c:/st/stm32cubeide_1.12.0/stm32cubeide/plugins/com.st.stm32cube.ide.mcu.externaltools.gnu-tools-for-stm32.10.3-2021.10.win32_1.0.200.202301161003/tools/bin/../lib/gcc/arm-none-eabi/10.3.1/../../../../arm-none-eabi/lib/thumb/v6-m/nofp\libc_nano.a(lib_a-memset.o)
 .ARM.attributes
                0x00000000000002d3       0x1e c:/st/stm32cubeide_1.12.0/stm32cubeide/plugins/com.st.stm32cube.ide.mcu.externaltools.gnu-tools-for-stm32.10.3-2021.10.win32_1.0.200.202301161003/tools/bin/../lib/gcc/arm-none-eabi/10.3.1/thumb/v6-m/nofp\libgcc.a(_udivsi3.o)
 .ARM.attributes
                0x00000000000002f1       0x1e c:/st/stm32cubeide_1.12.0/stm32cubeide/plugins/com.st.stm32cube.ide.mcu.externaltools.gnu-tools-for-stm32.10.3-2021.10.win32_1.0.200.202301161003/tools/bin/../lib/gcc/arm-none-eabi/10.3.1/thumb/v6-m/nofp\libgcc.a(_dvmd_tls.o)
 .ARM.attributes
                0x000000000000030f       0x1e c:/st/stm32cubeide_1.12.0/stm32cubeide/plugins/com.st.stm32cube.ide.mcu.externaltools.gnu-tools-for-stm32.10.3-2021.10.win32_1.0.200.202301161003/tools/bin/../lib/gcc/arm-none-eabi/10.3.1/thumb/v6-m/nofp/crtn.o
OUTPUT(PROJM1.elf elf32-littlearm)
LOAD linker stubs
LOAD c:/st/stm32cubeide_1.12.0/stm32cubeide/plugins/com.st.stm32cube.ide.mcu.externaltools.gnu-tools-for-stm32.10.3-2021.10.win32_1.0.200.202301161003/tools/bin/../lib/gcc/arm-none-eabi/10.3.1/../../../../arm-none-eabi/lib/thumb/v6-m/nofp\libc.a
LOAD c:/st/stm32cubeide_1.12.0/stm32cubeide/plugins/com.st.stm32cube.ide.mcu.externaltools.gnu-tools-for-stm32.10.3-2021.10.win32_1.0.200.202301161003/tools/bin/../lib/gcc/arm-none-eabi/10.3.1/../../../../arm-none-eabi/lib/thumb/v6-m/nofp\libm.a
LOAD c:/st/stm32cubeide_1.12.0/stm32cubeide/plugins/com.st.stm32cube.ide.mcu.externaltools.gnu-tools-for-stm32.10.3-2021.10.win32_1.0.200.202301161003/tools/bin/../lib/gcc/arm-none-eabi/10.3.1/thumb/v6-m/nofp\libgcc.a

.debug_info     0x0000000000000000     0x7a43
 .debug_info    0x0000000000000000      0x327 ./Core/Src/aes.o
 .debug_info    0x0000000000000327      0x2ef ./Core/Src/des.o
 .debug_info    0x0000000000000616      0xc6b ./Core/Src/main.o
 .debug_info    0x0000000000001281      0x970 ./Core/Src/stm32f0xx_hal_msp.o
 .debug_info    0x0000000000001bf1       0xe1 ./Core/Src/stm32f0xx_it.o
 .debug_info    0x0000000000001cd2      0x269 ./Core/Src/system_stm32f0xx.o
 .debug_info    0x0000000000001f3b       0xf7 ./Core/Src/xor.o
 .debug_info    0x0000000000002032       0x22 ./Core/Startup/startup_stm32f042k6tx.o
 .debug_info    0x0000000000002054      0x6d2 ./Drivers/STM32F0xx_HAL_Driver/Src/stm32f0xx_hal.o
 .debug_info    0x0000000000002726      0x705 ./Drivers/STM32F0xx_HAL_Driver/Src/stm32f0xx_hal_cortex.o
 .debug_info    0x0000000000002e2b      0x628 ./Drivers/STM32F0xx_HAL_Driver/Src/stm32f0xx_hal_gpio.o
 .debug_info    0x0000000000003453      0x8b0 ./Drivers/STM32F0xx_HAL_Driver/Src/stm32f0xx_hal_rcc.o
 .debug_info    0x0000000000003d03     0x3d40 ./Drivers/STM32F0xx_HAL_Driver/Src/stm32f0xx_hal_uart.o

.debug_abbrev   0x0000000000000000     0x13c9
 .debug_abbrev  0x0000000000000000      0x10e ./Core/Src/aes.o
 .debug_abbrev  0x000000000000010e       0xb7 ./Core/Src/des.o
 .debug_abbrev  0x00000000000001c5      0x276 ./Core/Src/main.o
 .debug_abbrev  0x000000000000043b      0x19b ./Core/Src/stm32f0xx_hal_msp.o
 .debug_abbrev  0x00000000000005d6       0x74 ./Core/Src/stm32f0xx_it.o
 .debug_abbrev  0x000000000000064a      0x116 ./Core/Src/system_stm32f0xx.o
 .debug_abbrev  0x0000000000000760       0x9d ./Core/Src/xor.o
 .debug_abbrev  0x00000000000007fd       0x12 ./Core/Startup/startup_stm32f042k6tx.o
 .debug_abbrev  0x000000000000080f      0x23f ./Drivers/STM32F0xx_HAL_Driver/Src/stm32f0xx_hal.o
 .debug_abbrev  0x0000000000000a4e      0x283 ./Drivers/STM32F0xx_HAL_Driver/Src/stm32f0xx_hal_cortex.o
 .debug_abbrev  0x0000000000000cd1      0x1bb ./Drivers/STM32F0xx_HAL_Driver/Src/stm32f0xx_hal_gpio.o
 .debug_abbrev  0x0000000000000e8c      0x283 ./Drivers/STM32F0xx_HAL_Driver/Src/stm32f0xx_hal_rcc.o
 .debug_abbrev  0x000000000000110f      0x2ba ./Drivers/STM32F0xx_HAL_Driver/Src/stm32f0xx_hal_uart.o

.debug_aranges  0x0000000000000000      0x618
 .debug_aranges
                0x0000000000000000       0x48 ./Core/Src/aes.o
 .debug_aranges
                0x0000000000000048       0x20 ./Core/Src/des.o
 .debug_aranges
                0x0000000000000068       0x40 ./Core/Src/main.o
 .debug_aranges
                0x00000000000000a8       0x30 ./Core/Src/stm32f0xx_hal_msp.o
 .debug_aranges
                0x00000000000000d8       0x40 ./Core/Src/stm32f0xx_it.o
 .debug_aranges
                0x0000000000000118       0x28 ./Core/Src/system_stm32f0xx.o
 .debug_aranges
                0x0000000000000140       0x20 ./Core/Src/xor.o
 .debug_aranges
                0x0000000000000160       0x28 ./Core/Startup/startup_stm32f042k6tx.o
 .debug_aranges
                0x0000000000000188       0xd0 ./Drivers/STM32F0xx_HAL_Driver/Src/stm32f0xx_hal.o
 .debug_aranges
                0x0000000000000258       0xc0 ./Drivers/STM32F0xx_HAL_Driver/Src/stm32f0xx_hal_cortex.o
 .debug_aranges
                0x0000000000000318       0x58 ./Drivers/STM32F0xx_HAL_Driver/Src/stm32f0xx_hal_gpio.o
 .debug_aranges
                0x0000000000000370       0x80 ./Drivers/STM32F0xx_HAL_Driver/Src/stm32f0xx_hal_rcc.o
 .debug_aranges
                0x00000000000003f0      0x228 ./Drivers/STM32F0xx_HAL_Driver/Src/stm32f0xx_hal_uart.o

.debug_ranges   0x0000000000000000      0x580
 .debug_ranges  0x0000000000000000       0x38 ./Core/Src/aes.o
 .debug_ranges  0x0000000000000038       0x10 ./Core/Src/des.o
 .debug_ranges  0x0000000000000048       0x30 ./Core/Src/main.o
 .debug_ranges  0x0000000000000078       0x20 ./Core/Src/stm32f0xx_hal_msp.o
 .debug_ranges  0x0000000000000098       0x30 ./Core/Src/stm32f0xx_it.o
 .debug_ranges  0x00000000000000c8       0x18 ./Core/Src/system_stm32f0xx.o
 .debug_ranges  0x00000000000000e0       0x10 ./Core/Src/xor.o
 .debug_ranges  0x00000000000000f0       0x20 ./Core/Startup/startup_stm32f042k6tx.o
 .debug_ranges  0x0000000000000110       0xc0 ./Drivers/STM32F0xx_HAL_Driver/Src/stm32f0xx_hal.o
 .debug_ranges  0x00000000000001d0       0xb0 ./Drivers/STM32F0xx_HAL_Driver/Src/stm32f0xx_hal_cortex.o
 .debug_ranges  0x0000000000000280       0x48 ./Drivers/STM32F0xx_HAL_Driver/Src/stm32f0xx_hal_gpio.o
 .debug_ranges  0x00000000000002c8       0x70 ./Drivers/STM32F0xx_HAL_Driver/Src/stm32f0xx_hal_rcc.o
 .debug_ranges  0x0000000000000338      0x248 ./Drivers/STM32F0xx_HAL_Driver/Src/stm32f0xx_hal_uart.o

.debug_macro    0x0000000000000000    0x188bd
 .debug_macro   0x0000000000000000      0x1d0 ./Core/Src/aes.o
 .debug_macro   0x00000000000001d0      0xa4e ./Core/Src/aes.o
 .debug_macro   0x0000000000000c1e       0x22 ./Core/Src/aes.o
 .debug_macro   0x0000000000000c40       0x8e ./Core/Src/aes.o
 .debug_macro   0x0000000000000cce       0x51 ./Core/Src/aes.o
 .debug_macro   0x0000000000000d1f      0x103 ./Core/Src/aes.o
 .debug_macro   0x0000000000000e22       0x6a ./Core/Src/aes.o
 .debug_macro   0x0000000000000e8c      0x1df ./Core/Src/aes.o
 .debug_macro   0x000000000000106b       0x52 ./Core/Src/aes.o
 .debug_macro   0x00000000000010bd       0x18 ./Core/Src/aes.o
 .debug_macro   0x00000000000010d5       0x3c ./Core/Src/aes.o
 .debug_macro   0x0000000000001111       0x34 ./Core/Src/aes.o
 .debug_macro   0x0000000000001145       0x16 ./Core/Src/aes.o
 .debug_macro   0x000000000000115b       0x97 ./Core/Src/aes.o
 .debug_macro   0x00000000000011f2      0x341 ./Core/Src/aes.o
 .debug_macro   0x0000000000001533       0xfd ./Core/Src/aes.o
 .debug_macro   0x0000000000001630       0x10 ./Core/Src/aes.o
 .debug_macro   0x0000000000001640       0x16 ./Core/Src/aes.o
 .debug_macro   0x0000000000001656       0x43 ./Core/Src/aes.o
 .debug_macro   0x0000000000001699       0x34 ./Core/Src/aes.o
 .debug_macro   0x00000000000016cd       0x10 ./Core/Src/aes.o
 .debug_macro   0x00000000000016dd       0x58 ./Core/Src/aes.o
 .debug_macro   0x0000000000001735       0x71 ./Core/Src/aes.o
 .debug_macro   0x00000000000017a6       0x1c ./Core/Src/aes.o
 .debug_macro   0x00000000000017c2      0x12a ./Core/Src/aes.o
 .debug_macro   0x00000000000018ec       0x10 ./Core/Src/aes.o
 .debug_macro   0x00000000000018fc       0x1c ./Core/Src/aes.o
 .debug_macro   0x0000000000001918       0x52 ./Core/Src/aes.o
 .debug_macro   0x000000000000196a       0x22 ./Core/Src/aes.o
 .debug_macro   0x000000000000198c       0x10 ./Core/Src/aes.o
 .debug_macro   0x000000000000199c       0x52 ./Core/Src/aes.o
 .debug_macro   0x00000000000019ee       0xd5 ./Core/Src/aes.o
 .debug_macro   0x0000000000001ac3       0x1c ./Core/Src/aes.o
 .debug_macro   0x0000000000001adf       0x3d ./Core/Src/aes.o
 .debug_macro   0x0000000000001b1c       0x16 ./Core/Src/aes.o
 .debug_macro   0x0000000000001b32      0x145 ./Core/Src/aes.o
 .debug_macro   0x0000000000001c77       0x1c ./Core/Src/aes.o
 .debug_macro   0x0000000000001c93      0x20d ./Core/Src/des.o
 .debug_macro   0x0000000000001ea0       0x4c ./Core/Src/des.o
 .debug_macro   0x0000000000001eec       0x94 ./Core/Src/des.o
 .debug_macro   0x0000000000001f80       0x57 ./Core/Src/des.o
 .debug_macro   0x0000000000001fd7       0x16 ./Core/Src/des.o
 .debug_macro   0x0000000000001fed       0x35 ./Core/Src/des.o
 .debug_macro   0x0000000000002022       0x16 ./Core/Src/des.o
 .debug_macro   0x0000000000002038       0x29 ./Core/Src/des.o
 .debug_macro   0x0000000000002061      0x33f ./Core/Src/main.o
 .debug_macro   0x00000000000023a0      0x12d ./Core/Src/main.o
 .debug_macro   0x00000000000024cd       0x2e ./Core/Src/main.o
 .debug_macro   0x00000000000024fb       0x22 ./Core/Src/main.o
 .debug_macro   0x000000000000251d       0x1c ./Core/Src/main.o
 .debug_macro   0x0000000000002539       0x22 ./Core/Src/main.o
 .debug_macro   0x000000000000255b       0xaf ./Core/Src/main.o
 .debug_macro   0x000000000000260a      0x391 ./Core/Src/main.o
 .debug_macro   0x000000000000299b     0xf209 ./Core/Src/main.o
 .debug_macro   0x0000000000011ba4       0x66 ./Core/Src/main.o
 .debug_macro   0x0000000000011c0a     0x34be ./Core/Src/main.o
 .debug_macro   0x00000000000150c8      0x174 ./Core/Src/main.o
 .debug_macro   0x000000000001523c       0x55 ./Core/Src/main.o
 .debug_macro   0x0000000000015291      0x946 ./Core/Src/main.o
 .debug_macro   0x0000000000015bd7      0x46b ./Core/Src/main.o
 .debug_macro   0x0000000000016042      0x1ae ./Core/Src/main.o
 .debug_macro   0x00000000000161f0      0x130 ./Core/Src/main.o
 .debug_macro   0x0000000000016320      0x199 ./Core/Src/main.o
 .debug_macro   0x00000000000164b9      0x1ed ./Core/Src/main.o
 .debug_macro   0x00000000000166a6       0x34 ./Core/Src/main.o
 .debug_macro   0x00000000000166da       0x43 ./Core/Src/main.o
 .debug_macro   0x000000000001671d       0x28 ./Core/Src/main.o
 .debug_macro   0x0000000000016745       0xb0 ./Core/Src/main.o
 .debug_macro   0x00000000000167f5      0x182 ./Core/Src/main.o
 .debug_macro   0x0000000000016977      0x22c ./Core/Src/main.o
 .debug_macro   0x0000000000016ba3       0x61 ./Core/Src/main.o
 .debug_macro   0x0000000000016c04       0xa5 ./Core/Src/main.o
 .debug_macro   0x0000000000016ca9       0x4c ./Core/Src/main.o
 .debug_macro   0x0000000000016cf5      0x15b ./Core/Src/main.o
 .debug_macro   0x0000000000016e50      0x5ba ./Core/Src/main.o
 .debug_macro   0x000000000001740a       0x44 ./Core/Src/main.o
 .debug_macro   0x000000000001744e      0x12e ./Core/Src/main.o
 .debug_macro   0x000000000001757c       0x16 ./Core/Src/main.o
 .debug_macro   0x0000000000017592       0x40 ./Core/Src/main.o
 .debug_macro   0x00000000000175d2      0x33f ./Core/Src/stm32f0xx_hal_msp.o
 .debug_macro   0x0000000000017911      0x349 ./Core/Src/stm32f0xx_it.o
 .debug_macro   0x0000000000017c5a      0x1ae ./Core/Src/system_stm32f0xx.o
 .debug_macro   0x0000000000017e08      0x1f5 ./Core/Src/xor.o
 .debug_macro   0x0000000000017ffd      0x1d2 ./Drivers/STM32F0xx_HAL_Driver/Src/stm32f0xx_hal.o
 .debug_macro   0x00000000000181cf      0x1ae ./Drivers/STM32F0xx_HAL_Driver/Src/stm32f0xx_hal_cortex.o
 .debug_macro   0x000000000001837d      0x1b5 ./Drivers/STM32F0xx_HAL_Driver/Src/stm32f0xx_hal_gpio.o
 .debug_macro   0x0000000000018532      0x1c0 ./Drivers/STM32F0xx_HAL_Driver/Src/stm32f0xx_hal_rcc.o
 .debug_macro   0x00000000000186f2      0x1cb ./Drivers/STM32F0xx_HAL_Driver/Src/stm32f0xx_hal_uart.o

.debug_line     0x0000000000000000     0x9a55
 .debug_line    0x0000000000000000      0xf82 ./Core/Src/aes.o
 .debug_line    0x0000000000000f82      0x91d ./Core/Src/des.o
 .debug_line    0x000000000000189f      0xb01 ./Core/Src/main.o
 .debug_line    0x00000000000023a0      0x8f6 ./Core/Src/stm32f0xx_hal_msp.o
 .debug_line    0x0000000000002c96      0x90e ./Core/Src/stm32f0xx_it.o
 .debug_line    0x00000000000035a4      0x736 ./Core/Src/system_stm32f0xx.o
 .debug_line    0x0000000000003cda      0x5c0 ./Core/Src/xor.o
 .debug_line    0x000000000000429a       0x9b ./Core/Startup/startup_stm32f042k6tx.o
 .debug_line    0x0000000000004335      0x929 ./Drivers/STM32F0xx_HAL_Driver/Src/stm32f0xx_hal.o
 .debug_line    0x0000000000004c5e      0x9d5 ./Drivers/STM32F0xx_HAL_Driver/Src/stm32f0xx_hal_cortex.o
 .debug_line    0x0000000000005633      0xa91 ./Drivers/STM32F0xx_HAL_Driver/Src/stm32f0xx_hal_gpio.o
 .debug_line    0x00000000000060c4      0xdb4 ./Drivers/STM32F0xx_HAL_Driver/Src/stm32f0xx_hal_rcc.o
 .debug_line    0x0000000000006e78     0x2bdd ./Drivers/STM32F0xx_HAL_Driver/Src/stm32f0xx_hal_uart.o

.debug_str      0x0000000000000000    0x891ff
 .debug_str     0x0000000000000000     0x7a73 ./Core/Src/aes.o
                                       0x7c83 (size before relaxing)
 .debug_str     0x0000000000007a73      0x200 ./Core/Src/des.o
                                       0x7da7 (size before relaxing)
 .debug_str     0x0000000000007c73    0x800a3 ./Core/Src/main.o
                                      0x87dd0 (size before relaxing)
 .debug_str     0x0000000000087d16       0xdc ./Core/Src/stm32f0xx_hal_msp.o
                                      0x87bc2 (size before relaxing)
 .debug_str     0x0000000000087df2       0x82 ./Core/Src/stm32f0xx_it.o
                                      0x876c0 (size before relaxing)
 .debug_str     0x0000000000087e74       0x8b ./Core/Src/system_stm32f0xx.o
                                      0x838c5 (size before relaxing)
 .debug_str     0x0000000000087eff       0x36 ./Core/Src/xor.o
                                       0x7c91 (size before relaxing)
 .debug_str     0x0000000000087f35       0x36 ./Core/Startup/startup_stm32f042k6tx.o
                                         0x5a (size before relaxing)
 .debug_str     0x0000000000087f6b      0x4d5 ./Drivers/STM32F0xx_HAL_Driver/Src/stm32f0xx_hal.o
                                      0x83e77 (size before relaxing)
 .debug_str     0x0000000000088440      0x1be ./Drivers/STM32F0xx_HAL_Driver/Src/stm32f0xx_hal_cortex.o
                                      0x83c68 (size before relaxing)
 .debug_str     0x00000000000885fe      0x14f ./Drivers/STM32F0xx_HAL_Driver/Src/stm32f0xx_hal_gpio.o
                                      0x83a66 (size before relaxing)
 .debug_str     0x000000000008874d      0x20f ./Drivers/STM32F0xx_HAL_Driver/Src/stm32f0xx_hal_rcc.o
                                      0x83d0c (size before relaxing)
 .debug_str     0x000000000008895c      0x8a3 ./Drivers/STM32F0xx_HAL_Driver/Src/stm32f0xx_hal_uart.o
                                      0x84629 (size before relaxing)

.comment        0x0000000000000000       0x50
 .comment       0x0000000000000000       0x50 ./Core/Src/aes.o
                                         0x51 (size before relaxing)
 .comment       0x0000000000000050       0x51 ./Core/Src/des.o
 .comment       0x0000000000000050       0x51 ./Core/Src/main.o
 .comment       0x0000000000000050       0x51 ./Core/Src/stm32f0xx_hal_msp.o
 .comment       0x0000000000000050       0x51 ./Core/Src/stm32f0xx_it.o
 .comment       0x0000000000000050       0x51 ./Core/Src/system_stm32f0xx.o
 .comment       0x0000000000000050       0x51 ./Core/Src/xor.o
 .comment       0x0000000000000050       0x51 ./Drivers/STM32F0xx_HAL_Driver/Src/stm32f0xx_hal.o
 .comment       0x0000000000000050       0x51 ./Drivers/STM32F0xx_HAL_Driver/Src/stm32f0xx_hal_cortex.o
 .comment       0x0000000000000050       0x51 ./Drivers/STM32F0xx_HAL_Driver/Src/stm32f0xx_hal_gpio.o
 .comment       0x0000000000000050       0x51 ./Drivers/STM32F0xx_HAL_Driver/Src/stm32f0xx_hal_rcc.o
 .comment       0x0000000000000050       0x51 ./Drivers/STM32F0xx_HAL_Driver/Src/stm32f0xx_hal_uart.o

.debug_frame    0x0000000000000000     0x13f4
 .debug_frame   0x0000000000000000       0xdc ./Core/Src/aes.o
 .debug_frame   0x00000000000000dc       0x3c ./Core/Src/des.o
 .debug_frame   0x0000000000000118       0xac ./Core/Src/main.o
 .debug_frame   0x00000000000001c4       0x70 ./Core/Src/stm32f0xx_hal_msp.o
 .debug_frame   0x0000000000000234       0x9c ./Core/Src/stm32f0xx_it.o
 .debug_frame   0x00000000000002d0       0x4c ./Core/Src/system_stm32f0xx.o
 .debug_frame   0x000000000000031c       0x30 ./Core/Src/xor.o
 .debug_frame   0x000000000000034c      0x2a4 ./Drivers/STM32F0xx_HAL_Driver/Src/stm32f0xx_hal.o
 .debug_frame   0x00000000000005f0      0x2a0 ./Drivers/STM32F0xx_HAL_Driver/Src/stm32f0xx_hal_cortex.o
 .debug_frame   0x0000000000000890      0x110 ./Drivers/STM32F0xx_HAL_Driver/Src/stm32f0xx_hal_gpio.o
 .debug_frame   0x00000000000009a0      0x198 ./Drivers/STM32F0xx_HAL_Driver/Src/stm32f0xx_hal_rcc.o
 .debug_frame   0x0000000000000b38      0x850 ./Drivers/STM32F0xx_HAL_Driver/Src/stm32f0xx_hal_uart.o
 .debug_frame   0x0000000000001388       0x2c c:/st/stm32cubeide_1.12.0/stm32cubeide/plugins/com.st.stm32cube.ide.mcu.externaltools.gnu-tools-for-stm32.10.3-2021.10.win32_1.0.200.202301161003/tools/bin/../lib/gcc/arm-none-eabi/10.3.1/../../../../arm-none-eabi/lib/thumb/v6-m/nofp\libc_nano.a(lib_a-init.o)
 .debug_frame   0x00000000000013b4       0x20 c:/st/stm32cubeide_1.12.0/stm32cubeide/plugins/com.st.stm32cube.ide.mcu.externaltools.gnu-tools-for-stm32.10.3-2021.10.win32_1.0.200.202301161003/tools/bin/../lib/gcc/arm-none-eabi/10.3.1/../../../../arm-none-eabi/lib/thumb/v6-m/nofp\libc_nano.a(lib_a-memset.o)
 .debug_frame   0x00000000000013d4       0x20 c:/st/stm32cubeide_1.12.0/stm32cubeide/plugins/com.st.stm32cube.ide.mcu.externaltools.gnu-tools-for-stm32.10.3-2021.10.win32_1.0.200.202301161003/tools/bin/../lib/gcc/arm-none-eabi/10.3.1/thumb/v6-m/nofp\libgcc.a(_udivsi3.o)
